<html>
<body>
<pre>
<h1>µVision Build Log</h1>
<h2>Tool Versions:</h2>
IDE-Version: µVision V5.36.0.0
Copyright (C) 2021 ARM Ltd and ARM Germany GmbH. All rights reserved.
License Information: Hasan Atmaca, -, LIC=L96Y4-FV1P3-4G21S-ZHMCM-95MI8-36TFF
 
Tool Versions:
Toolchain:       MDK-ARM Cortex-M0/M23 for Nuvoton  Version: 5.36.0.0
Toolchain Path:  C:\Keil_v5\ARM\ARMCLANG\Bin
C Compiler:      ArmClang.exe V6.16
Assembler:       Armasm.exe V6.16
Linker/Locator:  ArmLink.exe V6.16
Library Manager: ArmAr.exe V6.16
Hex Converter:   FromElf.exe V6.16
CPU DLL:         
Dialog DLL:      
Target DLL:      NULink\Nu_Link.dll V3.06
Dialog DLL:      TCM.DLL V1.53.0.0
 
<h2>Project:</h2>
D:\Software Tools\Keil\Test\M251BSP-master\M251BSP-master\SampleCode\StdDriver\USBD_HID_Transfer\KEIL\USBD_HID_Transfer.uvprojx
Project File Date:  09/17/2022

<h2>Output:</h2>
*** Using Compiler 'V6.16', folder: 'C:\Keil_v5\ARM\ARMCLANG\Bin'
Build target 'USBD_HID_Transfer'
creating preprocessor file for main.c...
creating preprocessor file for system_M251.c...
creating preprocessor file for clk.c...
creating preprocessor file for descriptors.c...
creating preprocessor file for hid_transfer.c...
creating preprocessor file for retarget.c...
creating preprocessor file for sys.c...
creating preprocessor file for uart.c...
creating preprocessor file for usbd.c...
linking...
Program Size: Code=10304 RO-data=712 RW-data=76 ZI-data=2216  
After Build - User command #1: fromelf --bin ".\obj\USBD_HID_Transfer.axf" --output ".\obj\USBD_HID_Transfer.bin"
After Build - User command #2: fromelf --text -c ".\obj\USBD_HID_Transfer.axf" --output ".\obj\USBD_HID_Transfer.txt"
".\obj\USBD_HID_Transfer.axf" - 0 Error(s), 0 Warning(s).

<h2>Software Packages used:</h2>

Package Vendor: ARM
                http://www.keil.com/pack/ARM.CMSIS.5.9.0.pack
                ARM.CMSIS.5.9.0
                CMSIS (Common Microcontroller Software Interface Standard)
   * Component: CORE Version: 5.6.0

Package Vendor: Nuvoton
                https://github.com/OpenNuvoton/cmsis-packs/raw/master/Nuvoton_DFP/Nuvoton.NuMicro_DFP.1.3.18.pack
                Nuvoton.NuMicro_DFP.1.3.18
                Nuvoton ARM Cortex-M NuMicro Family Device Support

<h2>Collection of Component include folders:</h2>
  .\RTE\_USBD_HID_Transfer
  C:\Users\Hasan\AppData\Local\Arm\Packs\ARM\CMSIS\5.9.0\CMSIS\Core\Include
  C:\Users\Hasan\AppData\Local\Arm\Packs\Nuvoton\NuMicro_DFP\1.3.18\Device\M251\Include

<h2>Collection of Component Files used:</h2>

   * Component: ARM::CMSIS:CORE:5.6.0
Build Time Elapsed:  00:00:00
</pre>
</body>
</html>
