Component: ARM Compiler 6.16 Tool: armlink [5dfeaa00]

==============================================================================

Small function inlining results

Inlined function __aeabi_idiv0 from idiv0.o at offset 0x160 in aeabi_sdiv.o(.text).
Inlined Instruction: BX       lr
Inlined function __aeabi_idiv0 from idiv0.o at offset 0xc in aeabi_sdiv_div0.o(.text).
Inlined Instruction: BX       lr
Inlined function __aeabi_idiv0 from idiv0.o at offset 0x176 in aeabi_sdiv_div0.o(.text).
Inlined Instruction: BX       lr
Inlined function __aeabi_idiv0 from idiv0.o at offset 0x18 in uidiv_div0.o(.text).
Inlined Instruction: BX       lr
Inlined function __aeabi_idiv0 from idiv0.o at offset 0x42 in idiv_div0.o(.text).
Inlined Instruction: BX       lr
Inlined total of 5 calls.

==============================================================================

Memory Map of the image

  Image Entry point : 0x00000155

  Load Region LR_1 (Base: 0x00000000, Size: 0x00002b54, Max: 0xffffffff, ABSOLUTE)

    Execution Region ER_RO (Exec base: 0x00000000, Load base: 0x00000000, Size: 0x00002b08, Max: 0xffffffff, ABSOLUTE)

    Exec Addr    Load Addr    Size         Type   Attr      Idx    E Section Name        Object

    0x00000000   0x00000000   0x00000140   Data   RO           20    RESET               startup_m251.o
    0x00000140   0x00000140   0x00000000   Code   RO          340  * .ARM.Collect$$$$00000000  mc_p.l(entry.o)
    0x00000140   0x00000140   0x00000004   Code   RO          369    .ARM.Collect$$$$00000001  mc_p.l(entry2.o)
    0x00000144   0x00000144   0x00000004   Code   RO          372    .ARM.Collect$$$$00000004  mc_p.l(entry5.o)
    0x00000148   0x00000148   0x00000000   Code   RO          374    .ARM.Collect$$$$00000008  mc_p.l(entry7b.o)
    0x00000148   0x00000148   0x00000000   Code   RO          376    .ARM.Collect$$$$0000000A  mc_p.l(entry8b.o)
    0x00000148   0x00000148   0x00000008   Code   RO          377    .ARM.Collect$$$$0000000B  mc_p.l(entry9a.o)
    0x00000150   0x00000150   0x00000000   Code   RO          379    .ARM.Collect$$$$0000000D  mc_p.l(entry10a.o)
    0x00000150   0x00000150   0x00000000   Code   RO          381    .ARM.Collect$$$$0000000F  mc_p.l(entry11a.o)
    0x00000150   0x00000150   0x00000004   Code   RO          370    .ARM.Collect$$$$00002712  mc_p.l(entry2.o)
    0x00000154   0x00000154   0x00000084   Code   RO           21  * .text               startup_m251.o
    0x000001d8   0x000001d8   0x00000060   Code   RO          387    .text               mc_p.l(uldiv.o)
    0x00000238   0x00000238   0x00000000   Code   RO          389    .text               mc_p.l(iusefp.o)
    0x00000238   0x00000238   0x00000164   Code   RO          390    .text               mf_p.l(dadd.o)
    0x0000039c   0x0000039c   0x000000d0   Code   RO          392    .text               mf_p.l(dmul.o)
    0x0000046c   0x0000046c   0x000000f0   Code   RO          394    .text               mf_p.l(ddiv.o)
    0x0000055c   0x0000055c   0x00000040   Code   RO          396    .text               mf_p.l(dfixul.o)
    0x0000059c   0x0000059c   0x00000028   Code   RO          398    .text               mf_p.l(cdrcmple.o)
    0x000005c4   0x000005c4   0x00000024   Code   RO          400    .text               mc_p.l(init.o)
    0x000005e8   0x000005e8   0x0000003e   Code   RO          404    .text               mc_p.l(uidiv_div0.o)
    0x00000626   0x00000626   0x00000020   Code   RO          410    .text               mc_p.l(llshl.o)
    0x00000646   0x00000646   0x00000022   Code   RO          412    .text               mc_p.l(llushr.o)
    0x00000668   0x00000668   0x00000026   Code   RO          414    .text               mc_p.l(llsshr.o)
    0x0000068e   0x0000068e   0x000000be   Code   RO          416    .text               mf_p.l(depilogue.o)
    0x0000074c   0x0000074c   0x0000003c   Code   RO          135    .text.CLK_EnableModuleClock  clk.o
    0x00000788   0x00000788   0x00000014   Code   RO          131    .text.CLK_EnableXtalRC  clk.o
    0x0000079c   0x0000079c   0x00000080   Code   RO          107    .text.CLK_GetPCLK0Freq  clk.o
    0x0000081c   0x0000081c   0x00000088   Code   RO          109    .text.CLK_GetPCLK1Freq  clk.o
    0x000008a4   0x000008a4   0x000000b0   Code   RO          115    .text.CLK_GetPLLClockFreq  clk.o
    0x00000954   0x00000954   0x00000074   Code   RO           99    .text.CLK_PowerDown  clk.o
    0x000009c8   0x000009c8   0x00000060   Code   RO          123    .text.CLK_SetHCLK   clk.o
    0x00000a28   0x00000a28   0x000000b0   Code   RO          127    .text.CLK_SetModuleClock  clk.o
    0x00000ad8   0x00000ad8   0x00000050   Code   RO          121    .text.CLK_WaitClockReady  clk.o
    0x00000b28   0x00000b28   0x00000008   Code   RO          181    .text.DumpStack     retarget.o
    0x00000b30   0x00000b30   0x00000002   Code   RO           69    .text.EP2_Handler   hid_transfer.o
    0x00000b32   0x00000b32   0x00000002   PAD
    0x00000b34   0x00000b34   0x00000028   Code   RO           71    .text.EP3_Handler   hid_transfer.o
    0x00000b5c   0x00000b5c   0x0000001c   Code   RO           73    .text.Gelen_Data    hid_transfer.o
    0x00000b78   0x00000b78   0x00000018   Code   RO          187    .text.GetChar       retarget.o
    0x00000b90   0x00000b90   0x0000010c   Code   RO           77    .text.HID_ClassRequest  hid_transfer.o
    0x00000c9c   0x00000c9c   0x00000068   Code   RO           75    .text.HID_Init      hid_transfer.o
    0x00000d04   0x00000d04   0x00000010   Code   RO          191    .text.IsDebugFifoEmpty  retarget.o
    0x00000d14   0x00000d14   0x0000005c   Code   RO           48    .text.PowerDown     main.o
    0x00000d70   0x00000d70   0x0000007c   Code   RO          179    .text.ProcessHardFault  retarget.o
    0x00000dec   0x00000dec   0x0000000e   Code   RO          177    .text.SH_Return     retarget.o
    0x00000dfa   0x00000dfa   0x00000002   PAD
    0x00000dfc   0x00000dfc   0x00000050   Code   RO           46    .text.SYS_Init      main.o
    0x00000e4c   0x00000e4c   0x00000008   Code   RO           52    .text.SYS_LockReg   main.o
    0x00000e54   0x00000e54   0x00000024   Code   RO           50    .text.SYS_UnlockReg  main.o
    0x00000e78   0x00000e78   0x00000010   Code   RO          185    .text.SendChar      retarget.o
    0x00000e88   0x00000e88   0x00000048   Code   RO          183    .text.SendChar_ToUART  retarget.o
    0x00000ed0   0x00000ed0   0x0000007c   Code   RO            2    .text.SystemCoreClockUpdate  system_m251.o
    0x00000f4c   0x00000f4c   0x00000024   Code   RO            4    .text.SystemInit    system_m251.o
    0x00000f70   0x00000f70   0x000001a8   Code   RO          313    .text.UART_Open     uart.o
    0x00001118   0x00001118   0x000000e4   Code   RO          234    .text.USBD_CtrlIn   usbd.o
    0x000011fc   0x000011fc   0x000000b0   Code   RO          236    .text.USBD_CtrlOut  usbd.o
    0x000012ac   0x000012ac   0x000002ac   Code   RO          224    .text.USBD_GetDescriptor  usbd.o
    0x00001558   0x00001558   0x00000018   Code   RO          216    .text.USBD_GetSetupPacket  usbd.o
    0x00001570   0x00001570   0x0000005c   Code   RO          230    .text.USBD_GetStall  usbd.o
    0x000015cc   0x000015cc   0x0000023c   Code   RO           67    .text.USBD_IRQHandler  hid_transfer.o
    0x00001808   0x00001808   0x0000002a   Code   RO           83    .text.USBD_MemCopy  hid_transfer.o
    0x00001832   0x00001832   0x0000002a   Code   RO          218    .text.USBD_MemCopy  usbd.o
    0x0000185c   0x0000185c   0x00000050   Code   RO          212    .text.USBD_Open     usbd.o
    0x000018ac   0x000018ac   0x00000094   Code   RO          226    .text.USBD_PrepareCtrlIn  usbd.o
    0x00001940   0x00001940   0x00000038   Code   RO          228    .text.USBD_PrepareCtrlOut  usbd.o
    0x00001978   0x00001978   0x00000090   Code   RO          220    .text.USBD_ProcessSetupPacket  usbd.o
    0x00001a08   0x00001a08   0x00000064   Code   RO           79    .text.USBD_SetStall  hid_transfer.o
    0x00001a6c   0x00001a6c   0x00000068   Code   RO          232    .text.USBD_SetStall  usbd.o
    0x00001ad4   0x00001ad4   0x00000368   Code   RO          222    .text.USBD_StandardRequest  usbd.o
    0x00001e3c   0x00001e3c   0x00000024   Code   RO          214    .text.USBD_Start    usbd.o
    0x00001e60   0x00001e60   0x00000084   Code   RO          238    .text.USBD_SwReset  usbd.o
    0x00001ee4   0x00001ee4   0x00000028   Code   RO            6    .text.Uart0DefaultMPF  system_m251.o
    0x00001f0c   0x00001f0c   0x0000003c   Code   RO           81    .text.Veri_Gonder   hid_transfer.o
    0x00001f48   0x00001f48   0x00000034   Code   RO           56    .text.__NVIC_EnableIRQ  main.o
    0x00001f7c   0x00001f7c   0x00000014   Code   RO          195    .text.fputc         retarget.o
    0x00001f90   0x00001f90   0x000000d8   Code   RO           54    .text.main          main.o
    0x00002068   0x00002068   0x00000020   Code   RO          342    i.__0printf         mc_p.l(printfa.o)
    0x00002088   0x00002088   0x0000002e   Code   RO          418    i.__ARM_clz         mf_p.l(depilogue.o)
    0x000020b6   0x000020b6   0x0000000e   Code   RO          422    i.__scatterload_copy  mc_p.l(handlers.o)
    0x000020c4   0x000020c4   0x00000002   Code   RO          423    i.__scatterload_null  mc_p.l(handlers.o)
    0x000020c6   0x000020c6   0x0000000e   Code   RO          424    i.__scatterload_zeroinit  mc_p.l(handlers.o)
    0x000020d4   0x000020d4   0x00000174   Code   RO          349    i._fp_digits        mc_p.l(printfa.o)
    0x00002248   0x00002248   0x000006ec   Code   RO          350    i._printf_core      mc_p.l(printfa.o)
    0x00002934   0x00002934   0x00000020   Code   RO          351    i._printf_post_padding  mc_p.l(printfa.o)
    0x00002954   0x00002954   0x0000002c   Code   RO          352    i._printf_pre_padding  mc_p.l(printfa.o)
    0x00002980   0x00002980   0x0000000c   Data   RO          168    .rodata..L__const.CLK_EnableModuleClock.au32ClkTbl  clk.o
    0x0000298c   0x0000298c   0x00000018   Data   RO          331    .rodata..L__const.UART_Open.au32ClkTbl  uart.o
    0x000029a4   0x000029a4   0x00000040   Data   RO          167    .rodata.cst16       clk.o
    0x000029e4   0x000029e4   0x00000020   Data   RO           11    .rodata.gau32ClkSrcTbl  system_m251.o
    0x00002a04   0x00002a04   0x0000001c   Data   RO           40    .rodata.gsInfo      descriptors.o
    0x00002a20   0x00002a20   0x00000008   Data   RO           39    .rodata.gu32ConfigHidDescIdx  descriptors.o
    0x00002a28   0x00002a28   0x00000008   Data   RO           38    .rodata.gu32UsbHidReportLen  descriptors.o
    0x00002a30   0x00002a30   0x00000029   Data   RO           30    .rodata.gu8ConfigDescriptor  descriptors.o
    0x00002a59   0x00002a59   0x00000012   Data   RO           29    .rodata.gu8DeviceDescriptor  descriptors.o
    0x00002a6b   0x00002a6b   0x0000001a   Data   RO           34    .rodata.gu8ProductStringDesc  descriptors.o
    0x00002a85   0x00002a85   0x00000004   Data   RO           32    .rodata.gu8StringLang  descriptors.o
    0x00002a89   0x00002a89   0x0000001a   Data   RO           35    .rodata.gu8StringSerial  descriptors.o
    0x00002aa3   0x00002aa3   0x00000010   Data   RO           33    .rodata.gu8VendorStringDesc  descriptors.o
    0x00002ab3   0x00002ab3   0x00000026   Data   RO           58    .rodata.str1.1      main.o
    0x00002ad9   0x00002ad9   0x0000000f   Data   RO          202    .rodata.str1.1      retarget.o
    0x00002ae8   0x00002ae8   0x00000020   Data   RO          421    Region$$Table       anon$$obj.o


    Execution Region ER_RW (Exec base: 0x20000000, Load base: 0x00002b08, Size: 0x0000004c, Max: 0xffffffff, ABSOLUTE)

    Exec Addr    Load Addr    Size         Type   Attr      Idx    E Section Name        Object

    0x20000000   0x00002b08   0x00000004   Data   RW            9    .data.CyclesPerUs   system_m251.o
    0x20000004   0x00002b0c   0x0000001d   Data   RW           28    .data.HID_DeviceReportDescriptor  descriptors.o
    0x20000021   0x00002b29   0x00000003   PAD
    0x20000024   0x00002b2c   0x00000004   Data   RW           10    .data.PllClock      system_m251.o
    0x20000028   0x00002b30   0x00000004   Data   RW            8    .data.SystemCoreClock  system_m251.o
    0x2000002c   0x00002b34   0x00000004   Data   RW          201    .data.g_ICE_Conneced  retarget.o
    0x20000030   0x00002b38   0x00000008   Data   RW           37    .data.gpu8UsbHidReport  descriptors.o
    0x20000038   0x00002b40   0x00000010   Data   RW           36    .data.gpu8UsbString  descriptors.o
    0x20000048   0x00002b50   0x00000004   Data   RW          254    .data.s_USBD_u32CtrlMaxPktSize  usbd.o


    Execution Region ER_ZI (Exec base: 0x20000050, Load base: 0x00002b54, Size: 0x000008a8, Max: 0xffffffff, ABSOLUTE)

    Exec Addr    Load Addr    Size         Type   Attr      Idx    E Section Name        Object

    0x20000050        -       0x00000054   Zero   RW          203    .bss.__stdout       retarget.o
    0x200000a4        -       0x00000004   Zero   RW          165    .bss.g_CLK_i32ErrCode  clk.o
    0x200000a8        -       0x00000008   Zero   RW          246    .bss.g_USBD_au8SetupPacket  usbd.o
    0x200000b0        -       0x00000004   Zero   RW          249    .bss.g_USBD_pfnClassRequest  usbd.o
    0x200000b4        -       0x00000004   Zero   RW          251    .bss.g_USBD_pfnSetConfigCallback  usbd.o
    0x200000b8        -       0x00000004   Zero   RW          250    .bss.g_USBD_pfnSetInterface  usbd.o
    0x200000bc        -       0x00000004   Zero   RW          248    .bss.g_USBD_pfnVendorRequest  usbd.o
    0x200000c0        -       0x00000004   Zero   RW          253    .bss.g_USBD_sINFO   usbd.o
    0x200000c4        -       0x00000004   Zero   RW          252    .bss.g_USBD_u32EpStallLock  usbd.o
    0x200000c8        -       0x00000001   Zero   RW          247    .bss.g_USBD_u8RemoteWakeupEn  usbd.o
    0x200000c9        -       0x00000001   Zero   RW           86    .bss.g_u8Idle       hid_transfer.o
    0x200000ca        -       0x00000001   Zero   RW           87    .bss.g_u8Protocol   hid_transfer.o
    0x200000cb        -       0x00000001   Zero   RW           85    .bss.g_u8Suspend    hid_transfer.o
    0x200000cc        -       0x00000004   Zero   RW          257    .bss.s_USBD_pu8CtrlInPointer  usbd.o
    0x200000d0        -       0x00000004   Zero   RW          262    .bss.s_USBD_pu8CtrlOutPointer  usbd.o
    0x200000d4        -       0x00000004   Zero   RW          258    .bss.s_USBD_u32CtrlInSize  usbd.o
    0x200000d8        -       0x00000004   Zero   RW          263    .bss.s_USBD_u32CtrlOutSize  usbd.o
    0x200000dc        -       0x00000004   Zero   RW          264    .bss.s_USBD_u32CtrlOutSizeLimit  usbd.o
    0x200000e0        -       0x00000004   Zero   RW          255    .bss.s_USBD_u32CtrlOutToggle  usbd.o
    0x200000e4        -       0x00000004   Zero   RW          261    .bss.s_USBD_u32UsbAddr  usbd.o
    0x200000e8        -       0x00000004   Zero   RW          260    .bss.s_USBD_u32UsbAltInterface  usbd.o
    0x200000ec        -       0x00000004   Zero   RW          259    .bss.s_USBD_u32UsbConfig  usbd.o
    0x200000f0        -       0x00000001   Zero   RW          256    .bss.s_USBD_u8CtrlInZeroFlag  usbd.o
    0x200000f1   0x00002b54   0x00000007   PAD
    0x200000f8        -       0x00000800   Zero   RW           18    STACK               startup_m251.o


==============================================================================

Image component sizes


      Code (inc. data)   RO Data    RW Data    ZI Data      Debug   Object Name

       988         72         76          0          4      10644   clk.o
         0          0        175         53          0       1408   descriptors.o
      1216        100          0          0          3       3565   hid_transfer.o
       484         68         38          0          0       6137   main.o
       294         20         15          4         84       3234   retarget.o
       132         36        320          0       2048        860   startup_m251.o
       200         44         32         12          0       4107   system_m251.o
       424         40         24          0          0       5941   uart.o
      2818        276          0          4         70       6917   usbd.o

    ----------------------------------------------------------------------
      6560        656        712         76       2216      42813   Object Totals
         0          0         32          0          0          0   (incl. Generated)
         4          0          0          3          7          0   (incl. Padding)

    ----------------------------------------------------------------------

      Code (inc. data)   RO Data    RW Data    ZI Data      Debug   Library Member Name

         0          0          0          0          0          0   entry.o
         0          0          0          0          0          0   entry10a.o
         0          0          0          0          0          0   entry11a.o
         8          4          0          0          0          0   entry2.o
         4          0          0          0          0          0   entry5.o
         0          0          0          0          0          0   entry7b.o
         0          0          0          0          0          0   entry8b.o
         8          4          0          0          0          0   entry9a.o
        30          0          0          0          0          0   handlers.o
        36          8          0          0          0         68   init.o
         0          0          0          0          0          0   iusefp.o
        32          0          0          0          0         68   llshl.o
        38          0          0          0          0         68   llsshr.o
        34          0          0          0          0         68   llushr.o
      2252         98          0          0          0        412   printfa.o
        62          0          0          0          0         72   uidiv_div0.o
        96          0          0          0          0         84   uldiv.o
        40          2          0          0          0         68   cdrcmple.o
       356          4          0          0          0        140   dadd.o
       240          6          0          0          0         84   ddiv.o
       236          0          0          0          0        216   depilogue.o
        64         10          0          0          0         68   dfixul.o
       208          6          0          0          0         88   dmul.o

    ----------------------------------------------------------------------
      3744        142          0          0          0       1504   Library Totals
         0          0          0          0          0          0   (incl. Padding)

    ----------------------------------------------------------------------

      Code (inc. data)   RO Data    RW Data    ZI Data      Debug   Library Name

      2600        114          0          0          0        840   mc_p.l
      1144         28          0          0          0        664   mf_p.l

    ----------------------------------------------------------------------
      3744        142          0          0          0       1504   Library Totals

    ----------------------------------------------------------------------

==============================================================================


      Code (inc. data)   RO Data    RW Data    ZI Data      Debug   

     10304        798        712         76       2216      43637   Grand Totals
     10304        798        712         76       2216      43637   ELF Image Totals
     10304        798        712         76          0          0   ROM Totals

==============================================================================

    Total RO  Size (Code + RO Data)                11016 (  10.76kB)
    Total RW  Size (RW Data + ZI Data)              2292 (   2.24kB)
    Total ROM Size (Code + RO Data + RW Data)      11092 (  10.83kB)

==============================================================================

